// Jest Snapshot v1, https://goo.gl/fbAQLP

exports[`InputPrice default 1`] = `
<div>
  <div
    class="ant-input-number ant-input-number-outlined"
  >
    <div
      class="ant-input-number-input-wrap"
    >
      <input
        aria-valuemax="1000000000"
        aria-valuemin="0.01"
        autocomplete="off"
        class="ant-input-number-input"
        role="spinbutton"
        step="1"
        value=""
      />
    </div>
  </div>
</div>
`;
