// Jest Snapshot v1, https://goo.gl/fbAQLP

exports[`login err 1`] = `
[MockFunction] {
  "calls": Array [
    Array [
      Object {
        "method": "get",
        "url": "login",
      },
    ],
    Array [
      Object {
        "data": Object {
          "password": "password",
          "username": "admin",
        },
        "method": "post",
        "url": "login",
      },
    ],
  ],
  "results": Array [
    Object {
      "type": "return",
      "value": Promise {},
    },
    Object {
      "type": "return",
      "value": Promise {},
    },
  ],
}
`;

exports[`login suc 1`] = `
[MockFunction] {
  "calls": Array [
    Array [
      Object {
        "method": "get",
        "url": "login",
      },
    ],
    Array [
      Object {
        "data": Object {
          "password": "password",
          "username": "admin",
        },
        "method": "post",
        "url": "login",
      },
    ],
  ],
  "results": Array [
    Object {
      "type": "return",
      "value": Promise {},
    },
    Object {
      "type": "return",
      "value": Promise {},
    },
  ],
}
`;

exports[`login suc 2`] = `
Storage {
  "token": "test",
}
`;
