// Jest Snapshot v1, https://goo.gl/fbAQLP

exports[`admin/groups form 1`] = `
[MockFunction] {
  "calls": Array [
    Array [
      Object {
        "suspense": true,
        "url": "groups?limit=500",
      },
    ],
    Array [
      Object {
        "loading": true,
        "method": "get",
        "url": "/api/admin/groups/defaults",
      },
    ],
    Array [
      Object {
        "data": Object {
          "name": "测试分组",
          "parentId": undefined,
          "sort": 50,
        },
        "loading": true,
        "method": "POST",
        "url": "/api/admin/groups",
      },
    ],
  ],
  "results": Array [
    Object {
      "type": "return",
      "value": Promise {
        "reject": [Function],
        "resolve": [Function],
      },
    },
    Object {
      "type": "return",
      "value": Promise {
        "reject": [Function],
        "resolve": [Function],
      },
    },
    Object {
      "type": "return",
      "value": Promise {
        "reject": [Function],
        "resolve": [Function],
      },
    },
  ],
}
`;
